// Jest Snapshot v1, https://goo.gl/fbAQLP

exports[`works with eslint 4.x 1`] = `""`;

exports[`works with eslint 4.x 2`] = `
"
/__fixtures__/eslint-project/non-generated-file.js
  3:1  error  'this_variable_should_be_an_error' is not defined  no-undef

/__fixtures__/eslint-project/non-no-lint-file.js
  3:1  error  'this_variable_should_be_an_error' is not defined  no-undef

âœ– 2 problems (2 errors, 0 warnings)

"
`;
